{
    "seed": 6539903819217419567,
    "samples": [
        {
            "metrics": {
                "_sampling_priority_v1": 23
            },
            "service": "\u0016ہǂײӡťֻ",
            "error": -7912,
            "start": -7415869,
            "trace_id": 13243982,
            "name": "eࠛಉ`i\u0001-߽ܐҋs\u0001Ɗۯe휕*튻ؘ휳:jtŅﳽ",
            "resource": "aD\r\u001a\u0006瑦ӯī)\u0014",
            "meta": {
                "cġ;{A퉛&p(ӫgYnXˎ^탛ʖރ\t햶ؑཱུ": "\u000f퀮ࣖJۣ೷^탃ѠẈ\u0011໡גߤvݗā撚\u0010Ԃ",
                "┑꧁נ\tݧs": "ۏσћVTs홃qʳ郍V쌄ϿV\nĺƪ޳ۏǘ",
                "톑4٪p": "ཁ牢鏓ۑؑ%퇭ퟔቿA܁",
                "0ʘ%ࡔෙ肟": "ˇᯇ`\rףޮǴ9\u001aݹ\u0011ڰCൌ",
                "⼌׉矚՞Q֍๖\u001aפ180ћ4Ր邩ʒCԆ歬̄e흕": "eࠊէa퇇Վଘ$큂எ಑ƣڎɝΒᨡӪ역\rJ\r۝;ࣰ",
                "kz큗+": "Ο]̉јß)*\u0011଍qǫ໗ཎAקkӽ",
                "}": "૯፽<㟱",
                "": "Ӟ́೔",
                "֥׹狱ܘا": "Lȶť7瞍",
                "jƔہぢ;酛Ｑɏꀎթ᥀\rᣠձ築Ԯӝ퇡ëײt鑘䥰\t^ŕ噫ಠ묠G": "ں؆[㗍ⰰ",
                "ँ[෌҃R뉛zЄўئ틯ڋت": "ܫ֛˝!\u0007̆Ǆ1҈C",
                "D": "ओ큒◿߻ɠ`ྐྵǔɹག풕೗Pʀ=",
                "튵َ\t˲ѿ풽愋ķH\u00156qΡ홉Xλ֌\u0001}\u0001nð۵Â隐蔾ĽͿ": "海ූГ覔\u0017ŵBȫੂ\n\u0014",
                "ĉힰ{܈र": "ʚx쥜8ɼㅋ\u0000펇㚅\u0006Zﷂ\u000f\n\u0019ҽﱸ#ϔ\"ͯ_\u0012U",
                "ﭱ.Ə큄}北Oe稔߶çϰӕҙ'݇͠d٩텟৞،팚۵C": "ι\u000c姵",
                "ܺh흰": "׷i2`O]՞ʲড়MIÃ핬Oć",
                "⼍栔&\u0005ۧ": "֜\u0013׿fɎhʧݭ֪஺탻Wʟy۫(흨;¾",
                "힭ՋץΠഊ߾": "3೭൲Ë헹\u0004਻෴х̱_Ő\rಕt:@Prù휽H螾킣g",
                "ࠚ⭽̈́ퟓܐࣞ.噲拼\u0004șﻇ֣ᘚއ&퀴̿ɞG#Ⱃ͒渚p脹": "ֲ,u\u0006퉎ꩽ2۟ت\u001cõ^⦍࣌\u0003냩퀟l\u0016\u0003풦-긎ਟԀrŬ溜",
                "⦐\u000fS!BΝ/$࿤Ƙ\tۤĒm": "϶슽̧΢ἓ龋䵴œ\u0004s಴햾1\u0019SИ࣯ɣfʘ֪䍸ˋĻຬڳ",
                "턑൰ॶۖਾ&ଅ\u0012ᢙ퐴.ԥ훉": "明퇃Ξ׊*བྷ\r틞翈鴖ŠìΙN",
                "x|_Ƀힽ屮 ڬq˳݂Ƈ풽\u000b;ń\u0017$u\u00032܀": "⋑\u001d֖툠ࡴa]烏픽\u0014⤅ޛȫ)ԙڕe펂",
                "=8%ⱊŖD٪홝ثի훌ӡ߹k Uܸ\u0016Pࡖ䥜퀱퍕": "̜n=ŨԱ׭픗a\u0000ݿՂຼĭഅ۪̩",
                "W౸픖ޟ׮竵Ѫ҆}턍ԁ峋錐ߤӰ": "Ղฃન]r੪\u0013ﻻήޞ餠J࿬Uퟔ儱",
                "\u001aa7#೸": "햼0¥ڔ^ԉ࿣\u0012X{쐰\u001d;דּ͉p贊夜z쌐ﴐ",
                "֔⌃(φkk౾넯ఀతۥކЇ履Փр淚ۥɚ": "3ʜ탼jmĈ⨄ࢎ폍ʿ털ʖ퓨ඦ\\ུ",
                "̓": "聯ۦެĮȧటǦ鉎p䅨\u0007Ⲗ",
                "iɼˮXΧӠాM픀ẵ-c!Ꮿힹ풨ҵɍ~Үꄬb툖J": "?଀ࡐ>䋍\u0016퇲զؕ\u0007ퟥĳ০آy\u0008¬ힽYLP\u0006"
            },
            "type": "кՆ",
            "duration": -3270280,
            "span_id": 3745917,
            "parent_id": 10566599
        },
        {
            "metrics": {
                "_sampling_priority_v1": -30
            },
            "service": "\"ۇʦUï࿏홠Ы\"ۂo<ퟭ튪\u0003P:",
            "error": -25428,
            "start": -1347852,
            "trace_id": 6187741,
            "name": "Ϩǈ",
            "resource": "ׯ֗ힿ",
            "meta": {
                "{ڌƏ͑۹퓷]ܒ풗Ϝϻáۧ{\u000cू\u001eiŇ楅": "ؐvƆL\nԧK\u0013૷s.0l`Ϳ櫏ٽ఍أﱽ킳حJꦤ",
                "ࣾ튉_\u000ebߎg\t\u0008ॄˍR槖xxޱג'p": "㮻Ž\u0018ӛڢ5ࡠӴcj̖ø$",
                "퇩V㷒ਤE٤ğ_Ħ݈퀴ۑ弊̷׹\u0011햚ꘋ": "W\\]\u0010\u001fА\u000bࣩөߢժཉ",
                "ၞ뎩j\u001dँﾣܒYˇC龎Јͤ": "ָ຅Ā",
                "ׯݬǡ탩ﯹࠖ\u0016Ł퇺ĐIIѝ\u0018߳Μˑ[O<\u0008ʼȎ݂hU": "כݛȉྋฝKཬ퟼\u001e먋#\u001foǍŶ4ˌB൷ށ\"Mۂ",
                "x۟퇉팷A(ɽC텿펒חݢæԛܲ펐നϻãꅷ1ᔡiÚݤ͚": "Μ",
                "S[葿4%ﲛⶠFﻁХ": "玼",
                "ş㜨r֠Z½إ߬7썞]sठÌú߭핪К\u0018u폎횫ݺw]\u0006": "N폌텋N픑༕KҀ핫魞e",
                "Æҏ": "ֱeե\\ퟱ߾0D؂킂｝ƒaG蒶폄-ӊٺּ紐¾",
                "Ձ팫Ҭh৶혻Į큃b \u0010ٚű킈Qpyச": "࿁఺ඛ\u0019뫴%\u0018К휂тΆߘ11ב8!ƶڝﴡֳr\u001b扩}S2zS",
                "泏)M幜혭\u001f7ȸ䘉墪필Ծ{ґỈbࡶΓਂզTɛ峯": "`ʇۮߛ×С!",
                "ٗ/g避䛍": "Ͻ߃L閼B!톇Ď",
                "Փ퇙퓮Юޞŋ￺}\u0018`FeͽR0(I౔տ櫫۾Ƒ턡MԐ﹀ب͍": "?ˤۆᚱā흂a౯M\u0004Ϋ\u001fӚ\u0002/x"
            },
            "duration": -12712376,
            "span_id": 3214044,
            "parent_id": 11310537
        },
        {
            "service": "ϢÔJ3J\u0005햑[mݭҗཚدթീ㖚ֶś<ꀬ8ָ̮",
            "error": 10838,
            "start": -3074243,
            "trace_id": 8534847,
            "name": "֨",
            "resource": "3գ\u000b\"ǐﳈW[E\u0002⢅ퟡ~ُݬ",
            "meta": {
                ",ګ\u0012nۜ੃": "耎jȳؐӍϼҚ-핑ď/ퟻӪK\u0010",
                "ਛњїƈ\u0002଴缣ntɀǘ": "\u001d?휠흜|¸팻ॲ2+큃\nՈǲIܣp̗ᠸ푢๢",
                "ʝe펏͵홒u\\Ųਚ鹿řȬۇ": "੟Ö\u001esًඹ䊸H3",
                "ᩭ؃묺δܳ'M৘୘Mڋ|": "ޜ7ตڎt܅\u0019팼Ū਎=އ궕̩pfԭ",
                "۔$\u001aߜ̹힑wj\u001f܇ƀH\u001b\u0008ࠆሤũՙŐ֔]ۙ-xH퀙ޖ": "t\"F0ﴼǏǩ⣱ڴƞ[ӈﶜӮ©دڿힿӖ\u0003݋֊{⃼휔?\\ǫ"
            },
            "type": "\u0016",
            "duration": -5486785,
            "span_id": 9304842,
            "parent_id": 14188686
        },
        {
            "metrics": {
                "_sampling_priority_v1": -13
            },
            "service": "ޜ݌",
            "error": 1975,
            "start": 15775530,
            "trace_id": 16612456,
            "name": "ø푀\u0019跅݅2흪֪",
            "resource": "Ի鳬ʬ=ಙ銰ೳ-OB'ľÖΩے\u001fϻӸ߰핒਺܈큀֊",
            "meta": {
                "讀؍ȵm퀒혴]왈F\u0017Tة嚕ֶۢX҅஼ݹp7ȔƳmﺡ͸": "૾\u0012흝઴ܸẌfŵ'-\u0011ۋԃﱓξ\u0013\u0005︸ٷ\u0008n\u0018)",
                "ʿ˼ӳ퍮": "\u0002팭탸ۭ\u0016p풲%ʊ6ޱm˧u਎Q튷\u00185œР೅(ݨϵ",
                "Ϙ탠ʅ6ࠬ\u001dږ2ܳ\u0000ć໖0톟": "ӃNցێז۰1ǈƄѷ媒çԈ\u000cܾ혇PސϒṘȲ9",
                "Ĩ풞;ミͱ҂̾퀴Υࢻ;ۆP֡8Ф癭bbഺCB": "~̈́",
                "׵ꅄ幏Hn\u0010햚F懐滞Ace": "徨ӫ\u0003ܽO튰渮݋Ըબ\u001e",
                "Ԋ{籶ٶ\tҡθࠒﴍݒ⅏캳幉l¿z\u0012l튺܀ͥ*঱\u0015퐋Ҩ": "؏ꋣj྽",
                "ఔ蓈n\u0007\u001bѱνΥ\u0015˲\u000eЄ\u001eŗT퓘ːΊ\\ȿ\u0014aĖs٭XPג亮": "쥇펝Ө8˝슪୶뻾퀁b픬~ꇇݿ티ơ֦৲ൡc8",
                "Ȱ熉폓ͼֻǦ࢘栳솟U経5⻈w\u0015ޟ훮uꥉ^퓫K~,Օ)$탔": "̊]Ǽ಩픓څ킌驹˵S\u0011ल\"ᾳৃ1큦랓෾R߯\u001d>嬁̈́ǳ",
                "L*\u0011킌p|`×๢﫶타ك": "Ęණ<AǺ",
                "m\u0003}sy倡ܪˇ": "ܙނoʯnޮౘʑɽυྌ퐫ԀǟY.䡢",
                "௅Ʃ홒ંॗ휞\u0016บ嬳-Ёؚௐ࠭": "ָ3Ƨ͉߆엂͔ƢMӦؤă\r$\u001c݄ΰ",
                "0ԁT'ܬ軳̿Ⲇྈ혔ٽ": "짼X큶ྒǣ"
            },
            "type": "a؛䍯½߬C1߱zy\u0007",
            "duration": -13370585,
            "span_id": 16606573,
            "parent_id": 10969960
        },
        {
            "metrics": {
                "_sampling_priority_v1": -24
            },
            "service": "\u0015ވ{ථՔ'Xۯ\u0013",
            "error": -16916,
            "start": -13745371,
            "trace_id": 10920310,
            "name": "৫ﵟ\u0012Wⵕg\u0002|'턬ාϙପࠐK↳8Ê⫒E퇜ؐ邡",
            "resource": "ֽóڋî:涾",
            "meta": {
                "4;ӼФ˞Örᩍ໰Ǹܭ\u0016᧪틇وЏĲ̐": "펓ڂ",
                "톪Φⴣ؁뒳׬\u0008\u0007@ܧ밉Უ\u0010לă튡2䏤\u001a໱8": "᧬\u0019tƒӼௌ̈́t픢@ڲಎά",
                "Ճ#߈\u0015੭ට檀\u001b\u0013=߬F": "ݤ߹YׁΪʯWY",
                "TضຌƺЂȵԳRˀ푿ۏૹʼ~0\u000eւ\u0019*": "ߪȶժ\u0014+\t猇槵͝هذ֯\u0006\u0001*ಡ͡\\e톘啬폛ƚc1˃Ԉ",
                "׶`z|Ļy9Ȱ̰\u0004퍳Є0̝ࡦ타Ѝ푓V?梷ݰژӱ\u0000": "ۏ李왐Cߵ/༫۫퐛\u0015wB৤lؐɺ",
                "Ю*픖틱핗׏\u001f홳hLd\u001cʽ\u000e\u0008훜ٽt[ݷ": "݇ݮ\u0012囆/̚௓Ļ",
                "jJ̙箿A捻຃ﶫ投0\u000c~︈Ѯ힃퇮˘րS̙ٲū\u000c": "̢\u0012<୔\u001fچQƟ왤킐ۓmٹ搅KuซޒҌ±خݶ\u0003✾۠\t\u0015\u0005׬",
                "ﻻ\u0010Wࢣe킣튜稓\u0014l\u000f\u001f=⣻{㌢ۡ˱": "ష¢ﳬ#\u00061փb헕җ",
                ".퍛]\u001a෻몎ﮅ̣$ෲ֣": "ɚۧﱙ\u0019ê`\t/_~ྫྷܶəۼێ഻FԴ$໴`˲֊ſ",
                "ืGͩg휐bѮ̨ںӄӕϏ\t": "ࡦ褴킷ܠl",
                "&ʷz~ߑ킺Çﯨ鿊ǃ屃\u001fˮct֮턂żY힜＼Ņ큣ᜆϔҞཆmｖz": "n֒u텮ڝbf",
                "\t_a": "Yˤ]\u0011乸9%&̧\u001a؁Jޒॎ",
                "휾옊ډ핅햎ȇ헓ཆ勮ЂϹǂ": "豵붰哵̰薊bLxޭౢŃग़\u000e̶Đیߝj)함oE6Ո஼칲ƨ",
                ")ϞLRηp펃A퀌]흧`9Q΅": "혯j팮ҹҥ7ס۷풬ĶƟ念GȁITKұ೽w",
                "ݲ0ͷ": "ZRoԫ˼໊FhƟǮ\u0019꯹",
                "̽ߘO֬{e䄵혅/ૂܐ": "F鋨홦ǥ9\u0007{ᾝ`a୬š୚퓯๨ţ푹*΁ފ؀",
                "\n࿶Fp풜阞͛ોʱ^㧎": "枫Ł툎Jű\u000bʓ픪ׇ",
                "þI\u0003E\u0017ݟ\u001d༷üՁɰpŲ䍊訙\u001cucς": "ঈK퉱e",
                "˸\u0001Yজࡖ힩Ӊ": "ࠊژ֡䕌\u0014ޥ",
                "@ŀ햅ѪƳ؏﫫aཉ§퓙ڇѩլ헼⤕팒c1؅Ă": "aƗ鸑0\\",
                "爋׎ࠫh\u0006ƤƩmJ\u0004퐫\u0006҃౭\u0012M΍̹ǻ": "\t턥"
            },
            "type": "䱲ڄ؁ʆߴ[",
            "duration": 10799591,
            "span_id": 7443067,
            "parent_id": 7153507
        }
    ]
}